2022-01-19 15:52:09,953:INFO:23664:5908:apiritif:Total workers: 1
2022-01-19 15:52:11,286:INFO:23120:23724:apiritif:Adding worker: idx=0	concurrency=1	results=C:\Users\alfonso.de.cicco\PycharmProjects\AppiumSandbox\Test\Taurus\2022-01-19_15-52-07.352803\apiritif.0.csv
2022-01-19 15:52:16,474:WARNING:23120:15344:urllib3.connectionpool:Retrying (Retry(total=2, connect=None, read=None, redirect=None, status=None)) after connection broken by 'ConnectTimeoutError(<urllib3.connection.HTTPConnection object at 0x00000275CCFD9DE0>, 'Connection to 127.0.0.1 timed out. (connect timeout=1.0)')': /wd/hub/status
2022-01-19 15:52:17,475:WARNING:23120:15344:urllib3.connectionpool:Retrying (Retry(total=1, connect=None, read=None, redirect=None, status=None)) after connection broken by 'ConnectTimeoutError(<urllib3.connection.HTTPConnection object at 0x00000275CCFDA080>, 'Connection to 127.0.0.1 timed out. (connect timeout=1.0)')': /wd/hub/status
The server is running?True
True
2022-01-19 15:53:11,365:INFO:23120:23724:apiritif:Workers finished, awaiting result writer
2022-01-19 15:53:11,367:INFO:23120:23724:apiritif:Results written, shutting down
